params: {}
output: '[<fastai.metrics.AccumMetric object at <HEX>>, <fastai.metrics.AccumMetric
  object at <HEX>>, <fastai.metrics.AccumMetric object at <HEX>>, <fastai.metrics.AccumMetric
  object at <HEX>>]'
