params:
  directory: ../../testdata
  training_csv: severity-training.csv
  validation_csv: severity-validation.csv
  batch_size: 2
output: torch.Size([2, 4])
