params:
- show-batch
- --help
output:
  exit_code: 0
  stdout: |
    Usage: base-callback show-batch [OPTIONS]

    Options:
      --output-path PATH              A location to save the HTML which summarizes
                                      the batch.
      --directory PATH                The data directory.
      --batch-size INTEGER            The batch size.  [default: 4]
      --splits-csv PATH               The path to a file which contains the cross-
                                      validation splits.
      --split INTEGER                 The cross-validation split to use. The default
                                      (i.e. 0) is the original validation set.
                                      [default: 0]
      --training-severity PATH        The path to the training Excel file with
                                      severity information.
      --validation-severity PATH      The path to the validation Excel file with
                                      severity information.
      --width INTEGER                 The width to convert the images to.  [default:
                                      128]
      --height INTEGER                The height to convert the images to. If None,
                                      then it is the same as the width.
      --depth INTEGER                 The depth of the 3d volume to interpolate to.
                                      [default: 128]
      --normalize / --no-normalize    Whether or not to normalize the pixel data by
                                      the mean and std of the dataset.  [default:
                                      no-normalize]
      --severity-factor FLOAT         [default: 0.5]
      --flip / --no-flip              [default: no-flip]
      --brightness FLOAT              [default: 0.0]
      --contrast FLOAT                [default: 0.0]
      --distortion / --no-distortion  [default: distortion]
      --autocrop / --no-autocrop      [default: autocrop]
      --max-scans INTEGER             [default: 0]
      --help                          Show this message and exit.
