params: {}
output: '[<function accuracy at <HEX>>, <fastai.metrics.AccumMetric object at <HEX>>,
  <fastai.metrics.AccumMetric object at <HEX>>, <fastai.metrics.AccumMetric object
  at <HEX>>]'
