params:
- train
- --help
output:
  exit_code: 0
  stdout: |
    Usage: base-callback train [OPTIONS]

    Options:
      --distributed / --no-distributed
                                      If the learner is distributed.  [default: no-
                                      distributed]
      --fp16 / --no-fp16              Whether or not the floating-point precision of
                                      learner should be set to 16 bit.  [default:
                                      fp16]
      --output-dir PATH               The location of the output directory.
                                      [default: ./outputs]
      --weight-decay FLOAT            The amount of weight decay. If None then it
                                      uses the default amount of weight decay in
                                      fastai.
      --presence-smoothing FLOAT      [default: 0.1]
      --severity-smoothing FLOAT      [default: 0.1]
      --neighbour-smoothing / --no-neighbour-smoothing
                                      [default: no-neighbour-smoothing]
      --mse / --no-mse                [default: no-mse]
      --emd-weight FLOAT              [default: 0.1]
      --directory PATH                The data directory.
      --batch-size INTEGER            The batch size.  [default: 4]
      --splits-csv PATH               The path to a file which contains the cross-
                                      validation splits.
      --split INTEGER                 The cross-validation split to use. The default
                                      (i.e. 0) is the original validation set.
                                      [default: 0]
      --training-severity PATH        The path to the training Excel file with
                                      severity information.
      --validation-severity PATH      The path to the validation Excel file with
                                      severity information.
      --width INTEGER                 The width to convert the images to.  [default:
                                      128]
      --height INTEGER                The height to convert the images to. If None,
                                      then it is the same as the width.
      --depth INTEGER                 The depth of the 3d volume to interpolate to.
                                      [default: 128]
      --normalize / --no-normalize    Whether or not to normalize the pixel data by
                                      the mean and std of the dataset.  [default:
                                      no-normalize]
      --severity-factor FLOAT         [default: 0.5]
      --flip / --no-flip              [default: no-flip]
      --brightness FLOAT              [default: 0.0]
      --contrast FLOAT                [default: 0.0]
      --distortion / --no-distortion  [default: distortion]
      --autocrop / --no-autocrop      [default: autocrop]
      --max-scans INTEGER             [default: 0]
      --model-name TEXT               [default: r3d_18]
      --pretrained / --no-pretrained  [default: pretrained]
      --penultimate INTEGER           [default: 512]
      --dropout FLOAT                 [default: 0.5]
      --max-pool / --no-max-pool      [default: no-max-pool]
      --severity-regression / --no-severity-regression
                                      [default: no-severity-regression]
      --final-bias / --no-final-bias  [default: no-final-bias]
      --fine-tune / --no-fine-tune    [default: no-fine-tune]
      --flatten / --no-flatten        [default: no-flatten]
      --even-stride / --no-even-stride
                                      [default: no-even-stride]
      --positional-encoding / --no-positional-encoding
                                      [default: no-positional-encoding]
      --cov3d-trained PATH
      --severity-everything / --no-severity-everything
                                      [default: no-severity-everything]
      --epochs INTEGER                The number of epochs.  [default: 20]
      --freeze-epochs INTEGER         The number of epochs to train when the learner
                                      is frozen and the last layer is trained by
                                      itself. Only if `fine_tune` is set on the app.
                                      [default: 3]
      --learning-rate FLOAT           The base learning rate (when fine tuning) or
                                      the max learning rate otherwise.  [default:
                                      0.0001]
      --project-name TEXT             The name for this project for logging
                                      purposes.
      --run-name TEXT                 The name for this particular run for logging
                                      purposes.
      --run-id TEXT                   A unique ID for this particular run for
                                      logging purposes.
      --notes TEXT                    A longer description of the run for logging
                                      purposes.
      --tag TEXT                      A tag for logging purposes. Multiple tags can
                                      be added each introduced with --tag.
      --wandb / --no-wandb            Whether or not to use 'Weights and Biases' for
                                      logging.  [default: no-wandb]
      --wandb-mode TEXT               The mode for 'Weights and Biases'.  [default:
                                      online]
      --wandb-dir PATH                The location for 'Weights and Biases' output.
      --wandb-entity TEXT             An entity is a username or team name where
                                      you're sending runs.
      --wandb-group TEXT              Specify a group to organize individual runs
                                      into a larger experiment.
      --wandb-job-type TEXT           Specify the type of run, which is useful when
                                      you're grouping runs together into larger
                                      experiments using group.
      --mlflow / --no-mlflow          Whether or not to use MLflow for logging.
                                      [default: no-mlflow]
      --help                          Show this message and exit.
