params:
  directory: ../../testdata
  batch_size: 2
output: <class 'torch.Tensor'> ()
